{"timestamp":"2026-08-08T00:57:28.223585Z","level":"INFO","event":"login_succeeded","category":"auth","user_id":"019fdedf-f8e4-78e9-9423-e90c1aae3e1e","source":"server","env":"ci","payload":{"method":"line","is_new_user":false}}
{"timestamp":"2026-08-08T00:57:30.224841Z","level":"INFO","event":"friend_request_sent","category":"friend","user_id":null,"source":"server","env":"ci","payload":{"to_user_id":"019fdee0-0169-7632-b903-9be3c7963a1d","reopened":false}}
{"timestamp":"2026-08-08T00:57:30.236647Z","level":"INFO","event":"friend_added","category":"friend","user_id":null,"source":"server","env":"ci","payload":{"from_user_id":"019fdee0-0167-77bc-b448-bc45c8aa0c49","request_id":"019fdee0-0170-7f1e-be17-8d8b1052411b"}}
{"timestamp":"2026-08-08T00:57:30.249326Z","level":"INFO","event":"friend_request_sent","category":"friend","user_id":null,"source":"server","env":"ci","payload":{"to_user_id":"019fdee0-0169-7632-b903-9be3c7963a1d","reopened":true}}
{"timestamp":"2026-08-08T00:57:30.284147Z","level":"INFO","event":"friend_request_sent","category":"friend","user_id":null,"source":"server","env":"ci","payload":{"to_user_id":"019fdee0-01a8-7aa5-a7a1-ee099a244366","reopened":false}}
{"timestamp":"2026-08-08T00:57:30.287793Z","level":"INFO","event":"friend_added","category":"friend","user_id":null,"source":"server","env":"ci","payload":{"from_user_id":"019fdee0-01a7-71a1-a9eb-ff40215fdff3","request_id":"019fdee0-01ac-7953-92ed-bc982f475bc1"}}
{"timestamp":"2026-08-08T00:57:30.295361Z","level":"INFO","event":"friend_request_sent","category":"friend","user_id":null,"source":"server","env":"ci","payload":{"to_user_id":"019fdee0-01a8-7aa5-a7a1-ee099a244366","reopened":true}}
{"timestamp":"2026-08-08T00:57:30.316941Z","level":"INFO","event":"friend_request_sent","category":"friend","user_id":null,"source":"server","env":"ci","payload":{"to_user_id":"019fdee0-01c8-7c58-9b69-87fb7cc9fae8","reopened":false}}
{"timestamp":"2026-08-08T00:57:30.321105Z","level":"INFO","event":"friend_added","category":"friend","user_id":null,"source":"server","env":"ci","payload":{"from_user_id":"019fdee0-01c6-7211-a16c-f45111023b39","request_id":"019fdee0-01cc-7cfb-bb2d-f02ba0b28dbe"}}
{"timestamp":"2026-08-08T00:57:30.326923Z","level":"INFO","event":"friend_request_sent","category":"friend","user_id":null,"source":"server","env":"ci","payload":{"to_user_id":"019fdee0-01c6-7211-a16c-f45111023b39","reopened":false}}
{"timestamp":"2026-08-08T00:57:30.330409Z","level":"INFO","event":"friend_added","category":"friend","user_id":null,"source":"server","env":"ci","payload":{"from_user_id":"019fdee0-01c8-7c58-9b69-87fb7cc9fae8","request_id":"019fdee0-01d6-7deb-bdfc-a50e76f5ab8b"}}
{"timestamp":"2026-08-08T00:57:30.337916Z","level":"INFO","event":"friend_request_sent","category":"friend","user_id":null,"source":"server","env":"ci","payload":{"to_user_id":"019fdee0-01c8-7c58-9b69-87fb7cc9fae8","reopened":true}}
{"timestamp":"2026-08-08T00:57:30.340336Z","level":"INFO","event":"friend_added","category":"friend","user_id":null,"source":"server","env":"ci","payload":{"from_user_id":"019fdee0-01c6-7211-a16c-f45111023b39","request_id":"019fdee0-01cc-7cfb-bb2d-f02ba0b28dbe"}}
{"timestamp":"2026-08-08T00:57:30.358128Z","level":"INFO","event":"friend_request_sent","category":"friend","user_id":null,"source":"server","env":"ci","payload":{"to_user_id":"019fdee0-01f3-723e-b7ae-068888b4a970","reopened":false}}
{"timestamp":"2026-08-08T00:57:31.215717Z","level":"INFO","event":"group_left","category":"group","user_id":null,"source":"server","env":"ci","payload":{"group_id":"019fdee0-0530-7ea7-bd86-7d2ae42d324d"}}
{"timestamp":"2026-08-08T00:57:31.376743Z","level":"INFO","event":"group_left","category":"group","user_id":null,"source":"server","env":"ci","payload":{"group_id":"019fdee0-05dc-7de3-8d4a-8f4e08626591"}}
{"timestamp":"2026-08-08T00:57:31.454603Z","level":"INFO","event":"group_left","category":"group","user_id":null,"source":"server","env":"ci","payload":{"group_id":"019fdee0-062d-7579-91da-f3c827a416a5"}}
{"timestamp":"2026-08-08T00:57:31.507562Z","level":"INFO","event":"group_left","category":"group","user_id":null,"source":"server","env":"ci","payload":{"group_id":"019fdee0-0660-74fd-9284-6cd1b459d591"}}
{"timestamp":"2026-08-08T00:57:31.557973Z","level":"INFO","event":"group_left","category":"group","user_id":null,"source":"server","env":"ci","payload":{"group_id":"019fdee0-0694-7b80-bc14-cb360c4213ed"}}
{"timestamp":"2026-08-08T00:57:33.215285Z","level":"INFO","trace_id":"a61422a599b84433b02ec7565fedfda3","event":"invite_link_created","category":"group","user_id":"019fdee0-0d18-74e4-9fdf-9774fe0796ad","source":"server","env":"ci","payload":{"invite_slug":"ytn5nzce","group_id":"019fdee0-0d18-7464-bfb0-33a0824cd414"}}
{"timestamp":"2026-08-08T00:57:33.235106Z","level":"INFO","trace_id":"807f33110bc646458424c1673ff2f844","event":"invite_link_created","category":"group","user_id":"019fdee0-0d2e-735b-a7c4-7208cc1354a8","source":"server","env":"ci","payload":{"invite_slug":"7ebztzgu","group_id":"019fdee0-0d2d-71fc-ab87-4d1e45090ebd"}}
{"timestamp":"2026-08-08T00:57:33.239151Z","level":"INFO","trace_id":"f11a6a8f1d2a46f4a5c3f6afc7697fec","event":"invite_link_created","category":"group","user_id":"019fdee0-0d2f-7897-bc33-4c500e21bf9f","source":"server","env":"ci","payload":{"invite_slug":"77ubztmj","group_id":"019fdee0-0d2d-71fc-ab87-4d1e45090ebd"}}
{"timestamp":"2026-08-08T00:57:34.713464Z","level":"INFO","event":"friend_request_sent","category":"friend","user_id":null,"source":"server","env":"ci","payload":{"to_user_id":"019fdee0-12f2-7fa3-91df-4765a60ad3fa","reopened":false}}
{"timestamp":"2026-08-08T00:57:34.870126Z","level":"INFO","event":"friend_request_sent","category":"friend","user_id":null,"source":"server","env":"ci","payload":{"to_user_id":"019fdee0-1391-765b-a27f-82a8369e5df5","reopened":false}}
{"timestamp":"2026-08-08T00:57:34.878771Z","level":"INFO","event":"friend_added","category":"friend","user_id":null,"source":"server","env":"ci","payload":{"from_user_id":"019fdee0-138d-7e84-a1c4-83181b326b47","request_id":"019fdee0-1395-7d10-9520-23781773b31a"}}
{"timestamp":"2026-08-08T00:57:34.880558Z","level":"INFO","event":"friend_added","category":"friend","user_id":null,"source":"server","env":"ci","payload":{"from_user_id":"019fdee0-138d-7e84-a1c4-83181b326b47","request_id":"019fdee0-1395-7d10-9520-23781773b31a"}}
{"timestamp":"2026-08-08T00:57:34.909206Z","level":"INFO","event":"friend_request_sent","category":"friend","user_id":null,"source":"server","env":"ci","payload":{"to_user_id":"019fdee0-13ba-79d5-9cf7-005b9cd20322","reopened":false}}
{"timestamp":"2026-08-08T00:57:34.927832Z","level":"INFO","event":"friend_request_sent","category":"friend","user_id":null,"source":"server","env":"ci","payload":{"to_user_id":"019fdee0-13cd-7698-885e-b510a6aacc6e","reopened":false}}
{"timestamp":"2026-08-08T00:57:34.94162Z","level":"INFO","event":"friend_request_sent","category":"friend","user_id":null,"source":"server","env":"ci","payload":{"to_user_id":"019fdee0-13db-7df1-a6b3-3884c2022fd5","reopened":false}}
{"timestamp":"2026-08-08T00:57:34.961846Z","level":"INFO","event":"friend_request_sent","category":"friend","user_id":null,"source":"server","env":"ci","payload":{"to_user_id":"019fdee0-13ef-7ade-aca0-2ff824055e2a","reopened":false}}
{"timestamp":"2026-08-08T00:57:34.965436Z","level":"INFO","event":"friend_added","category":"friend","user_id":null,"source":"server","env":"ci","payload":{"from_user_id":"019fdee0-13ee-74fe-886e-5ee6fe477963","request_id":"019fdee0-13f1-7257-87bf-bf2db4fba6a0"}}
