{"timestamp":"2026-08-08T18:06:15.589307Z","level":"INFO","event":"login_succeeded","category":"auth","user_id":"019fe28d-db52-759c-a276-3f6340dcac42","source":"server","env":"ci","payload":{"method":"kakao","is_new_user":false}}
{"timestamp":"2026-08-08T18:06:18.251657Z","level":"INFO","event":"focus_tag_created","category":"focus","user_id":null,"source":"server","env":"ci","payload":{"tag_id":"019fe28d-e68b-7a3a-ba02-d3dd5029a088"}}
{"timestamp":"2026-08-08T18:06:18.75771Z","level":"INFO","event":"friend_request_sent","category":"friend","user_id":null,"source":"server","env":"ci","payload":{"reopened":false,"to_user_id":"019fe28d-e87e-75ae-9bfe-3426f878bca3"}}
{"timestamp":"2026-08-08T18:06:18.766763Z","level":"INFO","event":"friend_added","category":"friend","user_id":null,"source":"server","env":"ci","payload":{"from_user_id":"019fe28d-e87c-7682-9cdc-265599be87c0","request_id":"019fe28d-e885-72ae-be0d-1bf37e50ff0d"}}
{"timestamp":"2026-08-08T18:06:18.780298Z","level":"INFO","event":"friend_request_sent","category":"friend","user_id":null,"source":"server","env":"ci","payload":{"reopened":true,"to_user_id":"019fe28d-e87e-75ae-9bfe-3426f878bca3"}}
{"timestamp":"2026-08-08T18:06:18.821339Z","level":"INFO","event":"friend_request_sent","category":"friend","user_id":null,"source":"server","env":"ci","payload":{"reopened":false,"to_user_id":"019fe28d-e8bd-79e2-95cc-8184035453e6"}}
{"timestamp":"2026-08-08T18:06:18.826451Z","level":"INFO","event":"friend_added","category":"friend","user_id":null,"source":"server","env":"ci","payload":{"from_user_id":"019fe28d-e8bb-7759-ae14-3031ab4d535c","request_id":"019fe28d-e8c5-7da6-9ad2-b7c9998a5bd8"}}
{"timestamp":"2026-08-08T18:06:18.835447Z","level":"INFO","event":"friend_request_sent","category":"friend","user_id":null,"source":"server","env":"ci","payload":{"reopened":true,"to_user_id":"019fe28d-e8bd-79e2-95cc-8184035453e6"}}
{"timestamp":"2026-08-08T18:06:18.857655Z","level":"INFO","event":"friend_request_sent","category":"friend","user_id":null,"source":"server","env":"ci","payload":{"reopened":false,"to_user_id":"019fe28d-e8e5-7c23-827c-5e84ed7f35de"}}
{"timestamp":"2026-08-08T18:06:18.861386Z","level":"INFO","event":"friend_added","category":"friend","user_id":null,"source":"server","env":"ci","payload":{"from_user_id":"019fe28d-e8e3-7feb-95cc-11022c614255","request_id":"019fe28d-e8e9-7728-bcec-bbe50fd0d8d1"}}
{"timestamp":"2026-08-08T18:06:18.86855Z","level":"INFO","event":"friend_request_sent","category":"friend","user_id":null,"source":"server","env":"ci","payload":{"reopened":false,"to_user_id":"019fe28d-e8e3-7feb-95cc-11022c614255"}}
{"timestamp":"2026-08-08T18:06:18.871663Z","level":"INFO","event":"friend_added","category":"friend","user_id":null,"source":"server","env":"ci","payload":{"from_user_id":"019fe28d-e8e5-7c23-827c-5e84ed7f35de","request_id":"019fe28d-e8f4-7d2f-b9db-1be0e7d516c5"}}
{"timestamp":"2026-08-08T18:06:18.878428Z","level":"INFO","event":"friend_request_sent","category":"friend","user_id":null,"source":"server","env":"ci","payload":{"reopened":true,"to_user_id":"019fe28d-e8e5-7c23-827c-5e84ed7f35de"}}
{"timestamp":"2026-08-08T18:06:18.881634Z","level":"INFO","event":"friend_added","category":"friend","user_id":null,"source":"server","env":"ci","payload":{"from_user_id":"019fe28d-e8e3-7feb-95cc-11022c614255","request_id":"019fe28d-e8e9-7728-bcec-bbe50fd0d8d1"}}
{"timestamp":"2026-08-08T18:06:18.904872Z","level":"INFO","event":"friend_request_sent","category":"friend","user_id":null,"source":"server","env":"ci","payload":{"reopened":false,"to_user_id":"019fe28d-e915-7d2d-ac37-a584f5ffc0c4"}}
{"timestamp":"2026-08-08T18:06:32.807203Z","level":"INFO","event":"group_left","category":"group","user_id":null,"source":"server","env":"ci","payload":{"group_id":"019fe28e-1f4b-7f42-8524-6e170924daec"}}
{"timestamp":"2026-08-08T18:06:32.934832Z","level":"INFO","event":"group_left","category":"group","user_id":null,"source":"server","env":"ci","payload":{"group_id":"019fe28e-1fd6-7cdb-85dc-ef4b820cf2c4"}}
{"timestamp":"2026-08-08T18:06:33.008092Z","level":"INFO","event":"group_left","category":"group","user_id":null,"source":"server","env":"ci","payload":{"group_id":"019fe28e-2021-7853-8751-612b28d46e84"}}
{"timestamp":"2026-08-08T18:06:33.051094Z","level":"INFO","event":"group_left","category":"group","user_id":null,"source":"server","env":"ci","payload":{"group_id":"019fe28e-2049-7b02-bef6-417f33ee1ca7"}}
{"timestamp":"2026-08-08T18:06:33.091927Z","level":"INFO","event":"group_left","category":"group","user_id":null,"source":"server","env":"ci","payload":{"group_id":"019fe28e-2075-7c48-b3a2-fe8f66e9facb"}}
{"timestamp":"2026-08-08T18:06:35.548048Z","level":"INFO","trace_id":"c8cc2c20e66d483eb4b1a91f0e24c4b2","event":"invite_link_created","category":"group","user_id":"019fe28e-2a15-7aec-b7dc-15cf42acf91a","source":"server","env":"ci","payload":{"invite_slug":"pzducbya","group_id":"019fe28e-2a15-7ece-a4b6-0311107e0136"}}
{"timestamp":"2026-08-08T18:06:35.56532Z","level":"INFO","trace_id":"5efe605005004223ad0141715c616ae5","event":"invite_link_created","category":"group","user_id":"019fe28e-2a28-744c-a66a-d505ace2b0e7","source":"server","env":"ci","payload":{"invite_slug":"5wr4wqw4","group_id":"019fe28e-2a27-7224-a9e9-e63e7819668c"}}
{"timestamp":"2026-08-08T18:06:35.568698Z","level":"INFO","trace_id":"0a6926750ad344c3be257e14c442c9d0","event":"invite_link_created","category":"group","user_id":"019fe28e-2a29-707b-b391-b0b8bef68ac4","source":"server","env":"ci","payload":{"invite_slug":"sjymad4n","group_id":"019fe28e-2a27-7224-a9e9-e63e7819668c"}}
{"timestamp":"2026-08-08T18:06:40.430375Z","level":"INFO","event":"friend_request_sent","category":"friend","user_id":null,"source":"server","env":"ci","payload":{"reopened":false,"to_user_id":"019fe28e-3d28-7a4e-8279-dec4d83ea6fe"}}
{"timestamp":"2026-08-08T18:06:40.586032Z","level":"INFO","event":"friend_request_sent","category":"friend","user_id":null,"source":"server","env":"ci","payload":{"reopened":false,"to_user_id":"019fe28e-3dc6-7802-b283-1679c74fcbc4"}}
{"timestamp":"2026-08-08T18:06:40.593182Z","level":"INFO","event":"friend_added","category":"friend","user_id":null,"source":"server","env":"ci","payload":{"from_user_id":"019fe28e-3dc3-7dd0-96b9-12fea47de756","request_id":"019fe28e-3dc9-72a0-b79f-41d46dc62aba"}}
{"timestamp":"2026-08-08T18:06:40.594428Z","level":"INFO","event":"friend_added","category":"friend","user_id":null,"source":"server","env":"ci","payload":{"from_user_id":"019fe28e-3dc3-7dd0-96b9-12fea47de756","request_id":"019fe28e-3dc9-72a0-b79f-41d46dc62aba"}}
{"timestamp":"2026-08-08T18:06:40.620959Z","level":"INFO","event":"friend_request_sent","category":"friend","user_id":null,"source":"server","env":"ci","payload":{"reopened":false,"to_user_id":"019fe28e-3dea-7c94-baa3-2d95d2696d79"}}
{"timestamp":"2026-08-08T18:06:40.641754Z","level":"INFO","event":"friend_request_sent","category":"friend","user_id":null,"source":"server","env":"ci","payload":{"reopened":false,"to_user_id":"019fe28e-3dfe-7ea6-a34b-dc84c2bef471"}}
{"timestamp":"2026-08-08T18:06:40.656744Z","level":"INFO","event":"friend_request_sent","category":"friend","user_id":null,"source":"server","env":"ci","payload":{"reopened":false,"to_user_id":"019fe28e-3e0d-7237-b93f-bce2f40595e7"}}
{"timestamp":"2026-08-08T18:06:40.67808Z","level":"INFO","event":"friend_request_sent","category":"friend","user_id":null,"source":"server","env":"ci","payload":{"reopened":false,"to_user_id":"019fe28e-3e23-7f0f-83b8-44bb3dad9b9f"}}
{"timestamp":"2026-08-08T18:06:40.681793Z","level":"INFO","event":"friend_added","category":"friend","user_id":null,"source":"server","env":"ci","payload":{"from_user_id":"019fe28e-3e22-75e6-bd72-ec124e25a7fe","request_id":"019fe28e-3e25-7d52-bf51-6f9d93cca896"}}
