{"timestamp":"2026-08-11T16:21:54.379485Z","level":"INFO","event":"login_succeeded","category":"auth","user_id":"019ff1a1-65a3-7b7c-a674-1559a2b5cdbb","source":"server","env":"local","payload":{"method":"kakao","is_new_user":false}}
{"timestamp":"2026-08-11T16:21:57.322419Z","level":"INFO","event":"focus_tag_created","category":"focus","user_id":null,"source":"server","env":"local","payload":{"tag_id":"019ff1a1-71ca-7aeb-b247-aaac9320a4e8"}}
{"timestamp":"2026-08-11T16:21:58.121332Z","level":"INFO","event":"friend_request_sent","category":"friend","user_id":null,"source":"server","env":"local","payload":{"reopened":false,"to_user_id":"019ff1a1-74de-74de-9c17-ab40158d597d"}}
{"timestamp":"2026-08-11T16:21:58.13221Z","level":"INFO","event":"friend_added","category":"friend","user_id":null,"source":"server","env":"local","payload":{"from_user_id":"019ff1a1-74db-732a-bd12-65fe0efa1bdc","request_id":"019ff1a1-74e9-7dfa-8841-053cb536b60d"}}
{"timestamp":"2026-08-11T16:21:58.145547Z","level":"INFO","event":"friend_request_sent","category":"friend","user_id":null,"source":"server","env":"local","payload":{"reopened":true,"to_user_id":"019ff1a1-74de-74de-9c17-ab40158d597d"}}
{"timestamp":"2026-08-11T16:21:58.189436Z","level":"INFO","event":"friend_request_sent","category":"friend","user_id":null,"source":"server","env":"local","payload":{"reopened":false,"to_user_id":"019ff1a1-7526-7de8-adff-76382d37909d"}}
{"timestamp":"2026-08-11T16:21:58.195417Z","level":"INFO","event":"friend_added","category":"friend","user_id":null,"source":"server","env":"local","payload":{"from_user_id":"019ff1a1-7524-7dbe-b097-0183380c2b73","request_id":"019ff1a1-752d-778b-9522-37983492b5b7"}}
{"timestamp":"2026-08-11T16:21:58.207488Z","level":"INFO","event":"friend_request_sent","category":"friend","user_id":null,"source":"server","env":"local","payload":{"reopened":true,"to_user_id":"019ff1a1-7526-7de8-adff-76382d37909d"}}
{"timestamp":"2026-08-11T16:21:58.235213Z","level":"INFO","event":"friend_request_sent","category":"friend","user_id":null,"source":"server","env":"local","payload":{"reopened":false,"to_user_id":"019ff1a1-7554-7d8b-827a-9bbc51df4fd6"}}
{"timestamp":"2026-08-11T16:21:58.239933Z","level":"INFO","event":"friend_added","category":"friend","user_id":null,"source":"server","env":"local","payload":{"from_user_id":"019ff1a1-7552-7d25-a609-7a025060046f","request_id":"019ff1a1-755b-7685-949f-ae1ea905bf47"}}
{"timestamp":"2026-08-11T16:21:58.252357Z","level":"INFO","event":"friend_request_sent","category":"friend","user_id":null,"source":"server","env":"local","payload":{"reopened":false,"to_user_id":"019ff1a1-7552-7d25-a609-7a025060046f"}}
{"timestamp":"2026-08-11T16:21:58.256081Z","level":"INFO","event":"friend_added","category":"friend","user_id":null,"source":"server","env":"local","payload":{"from_user_id":"019ff1a1-7554-7d8b-827a-9bbc51df4fd6","request_id":"019ff1a1-756c-76d7-9be6-fe12c947ae7f"}}
{"timestamp":"2026-08-11T16:21:58.265813Z","level":"INFO","event":"friend_request_sent","category":"friend","user_id":null,"source":"server","env":"local","payload":{"reopened":true,"to_user_id":"019ff1a1-7554-7d8b-827a-9bbc51df4fd6"}}
{"timestamp":"2026-08-11T16:21:58.272042Z","level":"INFO","event":"friend_added","category":"friend","user_id":null,"source":"server","env":"local","payload":{"from_user_id":"019ff1a1-7552-7d25-a609-7a025060046f","request_id":"019ff1a1-755b-7685-949f-ae1ea905bf47"}}
{"timestamp":"2026-08-11T16:21:58.295769Z","level":"INFO","event":"friend_request_sent","category":"friend","user_id":null,"source":"server","env":"local","payload":{"reopened":false,"to_user_id":"019ff1a1-7593-789e-98f7-b2ecb8345459"}}
{"timestamp":"2026-08-11T16:22:32.639139Z","level":"INFO","event":"group_left","category":"group","user_id":null,"source":"server","env":"local","payload":{"group_id":"019ff1a1-fba3-7010-8056-1d265ed0f9f9"}}
{"timestamp":"2026-08-11T16:22:32.750032Z","level":"INFO","event":"group_left","category":"group","user_id":null,"source":"server","env":"local","payload":{"group_id":"019ff1a1-fc18-743d-9e5b-21e8979adcee"}}
{"timestamp":"2026-08-11T16:22:32.849531Z","level":"INFO","event":"group_left","category":"group","user_id":null,"source":"server","env":"local","payload":{"group_id":"019ff1a1-fc77-78ca-a370-699f2cece795"}}
{"timestamp":"2026-08-11T16:22:32.910815Z","level":"INFO","event":"group_left","category":"group","user_id":null,"source":"server","env":"local","payload":{"group_id":"019ff1a1-fcb8-76c7-843d-c546e0b46012"}}
{"timestamp":"2026-08-11T16:22:32.966731Z","level":"INFO","event":"group_left","category":"group","user_id":null,"source":"server","env":"local","payload":{"group_id":"019ff1a1-fcec-7bc2-ac70-8b4f7673b90e"}}
{"timestamp":"2026-08-11T16:22:33.029821Z","level":"INFO","event":"group_left","category":"group","user_id":null,"source":"server","env":"local","payload":{"group_id":"019ff1a1-fd27-7517-b925-17b4c9fda570"}}
{"timestamp":"2026-08-11T16:22:33.10182Z","level":"INFO","event":"group_left","category":"group","user_id":null,"source":"server","env":"local","payload":{"group_id":"019ff1a1-fd71-7539-bf1e-f70873a47ae0"}}
{"timestamp":"2026-08-11T16:22:42.026162Z","level":"INFO","trace_id":"52f317f103674807b60294a5ff681aec","event":"invite_link_created","category":"group","user_id":"019ff1a2-2063-7b41-a749-e7d18eb183ac","source":"server","env":"local","payload":{"invite_slug":"j9z75tpd","group_id":"019ff1a2-2062-794a-9c06-9ca609b4afda"}}
{"timestamp":"2026-08-11T16:22:42.051638Z","level":"INFO","trace_id":"5c95f8d551704e998e470404c4fa2e32","event":"invite_link_created","category":"group","user_id":"019ff1a2-207c-7fb1-b953-7f847bd9a747","source":"server","env":"local","payload":{"invite_slug":"ybz3fhz2","group_id":"019ff1a2-207b-7972-9cec-8a1791966506"}}
{"timestamp":"2026-08-11T16:22:42.056895Z","level":"INFO","trace_id":"e8b78148fc0647e28eabb059d2675991","event":"invite_link_created","category":"group","user_id":"019ff1a2-207e-7e75-be7e-091e6df7d32f","source":"server","env":"local","payload":{"invite_slug":"dd3cvxtv","group_id":"019ff1a2-207b-7972-9cec-8a1791966506"}}
{"timestamp":"2026-08-11T16:22:52.20151Z","level":"INFO","event":"friend_request_sent","category":"friend","user_id":null,"source":"server","env":"local","payload":{"reopened":false,"to_user_id":"019ff1a2-4822-7f16-acfa-33df0dea952e"}}
{"timestamp":"2026-08-11T16:22:52.359715Z","level":"INFO","event":"friend_request_sent","category":"friend","user_id":null,"source":"server","env":"local","payload":{"reopened":false,"to_user_id":"019ff1a2-48c4-78b0-9ec4-22fd237002f1"}}
{"timestamp":"2026-08-11T16:22:52.365245Z","level":"INFO","event":"friend_added","category":"friend","user_id":null,"source":"server","env":"local","payload":{"from_user_id":"019ff1a2-48c1-7bd1-b756-3acedf624c83","request_id":"019ff1a2-48c7-7ba5-b298-16d877fde59e"}}
{"timestamp":"2026-08-11T16:22:52.366739Z","level":"INFO","event":"friend_added","category":"friend","user_id":null,"source":"server","env":"local","payload":{"from_user_id":"019ff1a2-48c1-7bd1-b756-3acedf624c83","request_id":"019ff1a2-48c7-7ba5-b298-16d877fde59e"}}
{"timestamp":"2026-08-11T16:22:52.391539Z","level":"INFO","event":"friend_request_sent","category":"friend","user_id":null,"source":"server","env":"local","payload":{"reopened":false,"to_user_id":"019ff1a2-48e4-73a9-bd24-3d24c2db2514"}}
{"timestamp":"2026-08-11T16:22:52.413767Z","level":"INFO","event":"friend_request_sent","category":"friend","user_id":null,"source":"server","env":"local","payload":{"reopened":false,"to_user_id":"019ff1a2-48fa-7a05-9b02-c8b36a76ad84"}}
{"timestamp":"2026-08-11T16:22:52.432369Z","level":"INFO","event":"friend_request_sent","category":"friend","user_id":null,"source":"server","env":"local","payload":{"reopened":false,"to_user_id":"019ff1a2-490c-7972-bc53-934578ccfe96"}}
{"timestamp":"2026-08-11T16:22:52.460523Z","level":"INFO","event":"friend_request_sent","category":"friend","user_id":null,"source":"server","env":"local","payload":{"reopened":false,"to_user_id":"019ff1a2-4929-787e-8836-3be5f6b2ee38"}}
{"timestamp":"2026-08-11T16:22:52.46516Z","level":"INFO","event":"friend_added","category":"friend","user_id":null,"source":"server","env":"local","payload":{"from_user_id":"019ff1a2-4926-739c-9248-c5003bc88f3b","request_id":"019ff1a2-492c-7e0e-8c86-4239df79f36d"}}
{"timestamp":"2026-08-11T16:30:24.035337Z","level":"INFO","trace_id":"8886c75cf13447f9a2f8d9707bf23525","event":"invite_link_created","category":"group","user_id":"019ff1a9-2d05-7dae-8413-2cbd154755ad","source":"server","env":"ci","payload":{"invite_slug":"8d5m3sku","group_id":"019ff1a9-2d03-7dd1-b8b0-04e43b11c05f"}}
{"timestamp":"2026-08-11T16:30:24.078045Z","level":"INFO","trace_id":"f57d9478301b4aedbd06537e568c9b56","event":"invite_link_created","category":"group","user_id":"019ff1a9-2d41-7531-ab07-4fa1517d3b94","source":"server","env":"ci","payload":{"invite_slug":"kex2u93h","group_id":"019ff1a9-2d40-7132-a617-d033139a908f"}}
{"timestamp":"2026-08-11T16:30:24.08525Z","level":"INFO","trace_id":"6b68f0cb09af47bcb3c2c2085aa1ee97","event":"invite_link_created","category":"group","user_id":"019ff1a9-2d44-7b3f-b56d-97f5f71bf3bc","source":"server","env":"ci","payload":{"invite_slug":"rdfgvdz9","group_id":"019ff1a9-2d40-7132-a617-d033139a908f"}}
{"timestamp":"2026-08-11T16:30:28.355752Z","level":"INFO","event":"login_succeeded","category":"auth","user_id":"019ff1a9-3dec-745a-9dd2-3f6fa8d06d25","source":"server","env":"ci","payload":{"method":"line","is_new_user":false}}
{"timestamp":"2026-08-11T16:30:30.286671Z","level":"INFO","event":"focus_tag_created","category":"focus","user_id":null,"source":"server","env":"ci","payload":{"tag_id":"019ff1a9-458e-7166-a716-b23c8bd59b29"}}
{"timestamp":"2026-08-11T16:30:31.023078Z","level":"INFO","event":"friend_request_sent","category":"friend","user_id":null,"source":"server","env":"ci","payload":{"reopened":false,"to_user_id":"019ff1a9-4867-7622-be18-69a5aa637b0a"}}
{"timestamp":"2026-08-11T16:30:31.036014Z","level":"INFO","event":"friend_added","category":"friend","user_id":null,"source":"server","env":"ci","payload":{"from_user_id":"019ff1a9-4865-7eda-8086-8f7542f5e30d","request_id":"019ff1a9-486e-7c12-9ec7-403c984730d8"}}
{"timestamp":"2026-08-11T16:30:31.046585Z","level":"INFO","event":"friend_request_sent","category":"friend","user_id":null,"source":"server","env":"ci","payload":{"reopened":true,"to_user_id":"019ff1a9-4867-7622-be18-69a5aa637b0a"}}
{"timestamp":"2026-08-11T16:30:31.083349Z","level":"INFO","event":"friend_request_sent","category":"friend","user_id":null,"source":"server","env":"ci","payload":{"reopened":false,"to_user_id":"019ff1a9-48a7-7ec7-baf6-65aacd12dd95"}}
{"timestamp":"2026-08-11T16:30:31.086345Z","level":"INFO","event":"friend_added","category":"friend","user_id":null,"source":"server","env":"ci","payload":{"from_user_id":"019ff1a9-48a6-7556-8556-cc35d0ed4138","request_id":"019ff1a9-48ab-7828-8dd5-62a1043af3db"}}
{"timestamp":"2026-08-11T16:30:31.093035Z","level":"INFO","event":"friend_request_sent","category":"friend","user_id":null,"source":"server","env":"ci","payload":{"reopened":true,"to_user_id":"019ff1a9-48a7-7ec7-baf6-65aacd12dd95"}}
{"timestamp":"2026-08-11T16:30:31.10952Z","level":"INFO","event":"friend_request_sent","category":"friend","user_id":null,"source":"server","env":"ci","payload":{"reopened":false,"to_user_id":"019ff1a9-48c1-7dd9-90dd-cc1c24640ec5"}}
{"timestamp":"2026-08-11T16:30:31.112831Z","level":"INFO","event":"friend_added","category":"friend","user_id":null,"source":"server","env":"ci","payload":{"from_user_id":"019ff1a9-48c0-7e40-b6a3-5a0c2255e6a0","request_id":"019ff1a9-48c5-75ca-8b75-a39e485067e7"}}
{"timestamp":"2026-08-11T16:30:31.118995Z","level":"INFO","event":"friend_request_sent","category":"friend","user_id":null,"source":"server","env":"ci","payload":{"reopened":false,"to_user_id":"019ff1a9-48c0-7e40-b6a3-5a0c2255e6a0"}}
{"timestamp":"2026-08-11T16:30:31.121704Z","level":"INFO","event":"friend_added","category":"friend","user_id":null,"source":"server","env":"ci","payload":{"from_user_id":"019ff1a9-48c1-7dd9-90dd-cc1c24640ec5","request_id":"019ff1a9-48ce-74e3-a755-bea5cd4585d6"}}
{"timestamp":"2026-08-11T16:30:31.129406Z","level":"INFO","event":"friend_request_sent","category":"friend","user_id":null,"source":"server","env":"ci","payload":{"reopened":true,"to_user_id":"019ff1a9-48c1-7dd9-90dd-cc1c24640ec5"}}
{"timestamp":"2026-08-11T16:30:31.132426Z","level":"INFO","event":"friend_added","category":"friend","user_id":null,"source":"server","env":"ci","payload":{"from_user_id":"019ff1a9-48c0-7e40-b6a3-5a0c2255e6a0","request_id":"019ff1a9-48c5-75ca-8b75-a39e485067e7"}}
{"timestamp":"2026-08-11T16:30:31.154509Z","level":"INFO","event":"friend_request_sent","category":"friend","user_id":null,"source":"server","env":"ci","payload":{"reopened":false,"to_user_id":"019ff1a9-48ef-7600-85d8-e670727c77bf"}}
{"timestamp":"2026-08-11T16:31:04.066288Z","level":"INFO","event":"group_left","category":"group","user_id":null,"source":"server","env":"ci","payload":{"group_id":"019ff1a9-c96c-7f72-8601-44b654446578"}}
{"timestamp":"2026-08-11T16:31:04.12757Z","level":"INFO","event":"group_left","category":"group","user_id":null,"source":"server","env":"ci","payload":{"group_id":"019ff1a9-c9b2-7658-84b8-bc42d59db286"}}
{"timestamp":"2026-08-11T16:31:04.186663Z","level":"INFO","event":"group_left","category":"group","user_id":null,"source":"server","env":"ci","payload":{"group_id":"019ff1a9-c9ec-7c8a-8500-a4461479a782"}}
{"timestamp":"2026-08-11T16:31:04.222919Z","level":"INFO","event":"group_left","category":"group","user_id":null,"source":"server","env":"ci","payload":{"group_id":"019ff1a9-ca12-7e04-8164-fdc19b8ad796"}}
{"timestamp":"2026-08-11T16:31:04.257249Z","level":"INFO","event":"group_left","category":"group","user_id":null,"source":"server","env":"ci","payload":{"group_id":"019ff1a9-ca31-75d8-b89f-8c5bce973637"}}
{"timestamp":"2026-08-11T16:31:04.291072Z","level":"INFO","event":"group_left","category":"group","user_id":null,"source":"server","env":"ci","payload":{"group_id":"019ff1a9-ca54-750b-a1e0-e6533a887731"}}
{"timestamp":"2026-08-11T16:31:04.329708Z","level":"INFO","event":"group_left","category":"group","user_id":null,"source":"server","env":"ci","payload":{"group_id":"019ff1a9-ca7b-731b-a2da-63a41dab73f9"}}
{"timestamp":"2026-08-11T16:31:18.318729Z","level":"INFO","event":"friend_request_sent","category":"friend","user_id":null,"source":"server","env":"ci","payload":{"reopened":false,"to_user_id":"019ff1aa-0129-7326-a823-e9e84df9090d"}}
{"timestamp":"2026-08-11T16:31:18.467442Z","level":"INFO","event":"friend_request_sent","category":"friend","user_id":null,"source":"server","env":"ci","payload":{"reopened":false,"to_user_id":"019ff1aa-01c0-79f3-aeb1-9f5203686454"}}
{"timestamp":"2026-08-11T16:31:18.472995Z","level":"INFO","event":"friend_added","category":"friend","user_id":null,"source":"server","env":"ci","payload":{"from_user_id":"019ff1aa-01be-7005-b383-66d1c5a2ca3f","request_id":"019ff1aa-01c3-7edf-94e0-1972bf7d7f85"}}
{"timestamp":"2026-08-11T16:31:18.474183Z","level":"INFO","event":"friend_added","category":"friend","user_id":null,"source":"server","env":"ci","payload":{"from_user_id":"019ff1aa-01be-7005-b383-66d1c5a2ca3f","request_id":"019ff1aa-01c3-7edf-94e0-1972bf7d7f85"}}
{"timestamp":"2026-08-11T16:31:18.494256Z","level":"INFO","event":"friend_request_sent","category":"friend","user_id":null,"source":"server","env":"ci","payload":{"reopened":false,"to_user_id":"019ff1aa-01dc-7177-873a-b356bb685cfa"}}
{"timestamp":"2026-08-11T16:31:18.511517Z","level":"INFO","event":"friend_request_sent","category":"friend","user_id":null,"source":"server","env":"ci","payload":{"reopened":false,"to_user_id":"019ff1aa-01ed-78dc-849f-67d92b915511"}}
{"timestamp":"2026-08-11T16:31:18.526317Z","level":"INFO","event":"friend_request_sent","category":"friend","user_id":null,"source":"server","env":"ci","payload":{"reopened":false,"to_user_id":"019ff1aa-01fc-7c33-9f96-d89e6a73654d"}}
{"timestamp":"2026-08-11T16:31:18.54392Z","level":"INFO","event":"friend_request_sent","category":"friend","user_id":null,"source":"server","env":"ci","payload":{"reopened":false,"to_user_id":"019ff1aa-020e-7f51-b42c-90619e3bcb8f"}}
{"timestamp":"2026-08-11T16:31:18.547012Z","level":"INFO","event":"friend_added","category":"friend","user_id":null,"source":"server","env":"ci","payload":{"from_user_id":"019ff1aa-020c-790a-82fd-48fb6de7ce57","request_id":"019ff1aa-020f-7fad-beb5-9df7de0293d1"}}
{"timestamp":"2026-08-12T08:49:49.628036Z","level":"INFO","event":"login_succeeded","category":"auth","user_id":"019ff529-dd80-795f-a4aa-3db082f4884d","source":"server","env":"ci","payload":{"is_new_user":false,"method":"line"}}
{"timestamp":"2026-08-12T08:49:55.486818Z","level":"INFO","event":"focus_tag_created","category":"focus","user_id":null,"source":"server","env":"ci","payload":{"tag_id":"019ff529-f51e-7a1d-a1ea-69c191c8d0df"}}
{"timestamp":"2026-08-12T08:49:55.99542Z","level":"INFO","event":"friend_request_sent","category":"friend","user_id":null,"source":"server","env":"ci","payload":{"to_user_id":"019ff529-f715-78e2-b94b-51a3daf9b53b","reopened":false}}
{"timestamp":"2026-08-12T08:49:56.005556Z","level":"INFO","event":"friend_added","category":"friend","user_id":null,"source":"server","env":"ci","payload":{"from_user_id":"019ff529-f713-78bf-985f-8a6310f400ff","request_id":"019ff529-f71b-75ac-8764-f5c25f78edb1"}}
{"timestamp":"2026-08-12T08:49:56.01478Z","level":"INFO","event":"friend_request_sent","category":"friend","user_id":null,"source":"server","env":"ci","payload":{"to_user_id":"019ff529-f715-78e2-b94b-51a3daf9b53b","reopened":true}}
{"timestamp":"2026-08-12T08:49:56.045704Z","level":"INFO","event":"friend_request_sent","category":"friend","user_id":null,"source":"server","env":"ci","payload":{"to_user_id":"019ff529-f74a-7784-b76c-58ef01600a22","reopened":false}}
{"timestamp":"2026-08-12T08:49:56.048328Z","level":"INFO","event":"friend_added","category":"friend","user_id":null,"source":"server","env":"ci","payload":{"from_user_id":"019ff529-f748-76ac-b8d0-6edb2899f2e2","request_id":"019ff529-f74d-7c4e-b1fe-c3c1b1f8fe60"}}
{"timestamp":"2026-08-12T08:49:56.053976Z","level":"INFO","event":"friend_request_sent","category":"friend","user_id":null,"source":"server","env":"ci","payload":{"to_user_id":"019ff529-f74a-7784-b76c-58ef01600a22","reopened":true}}
{"timestamp":"2026-08-12T08:49:56.068503Z","level":"INFO","event":"friend_request_sent","category":"friend","user_id":null,"source":"server","env":"ci","payload":{"to_user_id":"019ff529-f761-7448-9e70-f2bb6bf49ba8","reopened":false}}
{"timestamp":"2026-08-12T08:49:56.070617Z","level":"INFO","event":"friend_added","category":"friend","user_id":null,"source":"server","env":"ci","payload":{"from_user_id":"019ff529-f760-7618-ae6b-3487a8a8c2cb","request_id":"019ff529-f764-7906-9da7-c2cfe8a1cede"}}
{"timestamp":"2026-08-12T08:49:56.075537Z","level":"INFO","event":"friend_request_sent","category":"friend","user_id":null,"source":"server","env":"ci","payload":{"to_user_id":"019ff529-f760-7618-ae6b-3487a8a8c2cb","reopened":false}}
{"timestamp":"2026-08-12T08:49:56.077637Z","level":"INFO","event":"friend_added","category":"friend","user_id":null,"source":"server","env":"ci","payload":{"from_user_id":"019ff529-f761-7448-9e70-f2bb6bf49ba8","request_id":"019ff529-f76b-7ce3-a944-1052610d3264"}}
{"timestamp":"2026-08-12T08:49:56.082981Z","level":"INFO","event":"friend_request_sent","category":"friend","user_id":null,"source":"server","env":"ci","payload":{"to_user_id":"019ff529-f761-7448-9e70-f2bb6bf49ba8","reopened":true}}
{"timestamp":"2026-08-12T08:49:56.085078Z","level":"INFO","event":"friend_added","category":"friend","user_id":null,"source":"server","env":"ci","payload":{"from_user_id":"019ff529-f760-7618-ae6b-3487a8a8c2cb","request_id":"019ff529-f764-7906-9da7-c2cfe8a1cede"}}
{"timestamp":"2026-08-12T08:49:56.099272Z","level":"INFO","event":"friend_request_sent","category":"friend","user_id":null,"source":"server","env":"ci","payload":{"to_user_id":"019ff529-f780-7aea-9f51-797b482c765d","reopened":false}}
{"timestamp":"2026-08-12T08:50:30.403592Z","level":"INFO","event":"group_left","category":"group","user_id":null,"source":"server","env":"ci","payload":{"group_id":"019ff52a-7d70-73a7-b59c-69c91f322687"}}
{"timestamp":"2026-08-12T08:50:30.480923Z","level":"INFO","event":"group_left","category":"group","user_id":null,"source":"server","env":"ci","payload":{"group_id":"019ff52a-7dc1-7aca-b9ec-1c2e5d60a9ef"}}
{"timestamp":"2026-08-12T08:50:30.586799Z","level":"INFO","event":"group_left","category":"group","user_id":null,"source":"server","env":"ci","payload":{"group_id":"019ff52a-7e1a-77ab-befc-e7b18a940411"}}
{"timestamp":"2026-08-12T08:50:30.643368Z","level":"INFO","event":"group_left","category":"group","user_id":null,"source":"server","env":"ci","payload":{"group_id":"019ff52a-7e5f-7f4b-84d1-24bf4c4d7c7c"}}
{"timestamp":"2026-08-12T08:50:30.718993Z","level":"INFO","event":"group_left","category":"group","user_id":null,"source":"server","env":"ci","payload":{"group_id":"019ff52a-7e90-79c9-a146-e4e7a4a76927"}}
{"timestamp":"2026-08-12T08:50:30.782461Z","level":"INFO","event":"group_left","category":"group","user_id":null,"source":"server","env":"ci","payload":{"group_id":"019ff52a-7ee3-7a15-a7d4-6426a3000d09"}}
{"timestamp":"2026-08-12T08:50:30.844165Z","level":"INFO","event":"group_left","category":"group","user_id":null,"source":"server","env":"ci","payload":{"group_id":"019ff52a-7f24-782b-b6cb-2fdb1685e378"}}
{"timestamp":"2026-08-12T08:50:38.158142Z","level":"INFO","trace_id":"7d6419c9f19643b08daab77f3ce19a8c","event":"invite_link_created","category":"group","user_id":"019ff52a-9bc8-7335-8191-92b1cc2bd66c","source":"server","env":"ci","payload":{"group_id":"019ff52a-9bc7-7d48-8319-cd9d74fdd7fd","invite_slug":"26ywbbuk"}}
{"timestamp":"2026-08-12T08:50:38.1765Z","level":"INFO","trace_id":"0ce30d84106a47e9a35ac37fc9ab4861","event":"invite_link_created","category":"group","user_id":"019ff52a-9bdb-7dc1-a8b2-43f1591ff332","source":"server","env":"ci","payload":{"group_id":"019ff52a-9bda-7ca6-8cab-f63c01738122","invite_slug":"msj3xees"}}
{"timestamp":"2026-08-12T08:50:38.180192Z","level":"INFO","trace_id":"a6b0d8166efc4755a6f3ac4690c3352e","event":"invite_link_created","category":"group","user_id":"019ff52a-9bdc-7d30-856f-12d9887cd075","source":"server","env":"ci","payload":{"group_id":"019ff52a-9bda-7ca6-8cab-f63c01738122","invite_slug":"z3mttaft"}}
{"timestamp":"2026-08-12T08:50:46.258222Z","level":"INFO","event":"friend_request_sent","category":"friend","user_id":null,"source":"server","env":"ci","payload":{"to_user_id":"019ff52a-bb6c-758f-b028-2a7a976cbf7e","reopened":false}}
{"timestamp":"2026-08-12T08:50:46.408Z","level":"INFO","event":"friend_request_sent","category":"friend","user_id":null,"source":"server","env":"ci","payload":{"to_user_id":"019ff52a-bc04-7bc9-bc4e-4f3f879f49b0","reopened":false}}
{"timestamp":"2026-08-12T08:50:46.413248Z","level":"INFO","event":"friend_added","category":"friend","user_id":null,"source":"server","env":"ci","payload":{"from_user_id":"019ff52a-bc02-7e22-aacd-a71b5d904e55","request_id":"019ff52a-bc07-72f7-aafa-079b6cb56ad5"}}
{"timestamp":"2026-08-12T08:50:46.414353Z","level":"INFO","event":"friend_added","category":"friend","user_id":null,"source":"server","env":"ci","payload":{"from_user_id":"019ff52a-bc02-7e22-aacd-a71b5d904e55","request_id":"019ff52a-bc07-72f7-aafa-079b6cb56ad5"}}
{"timestamp":"2026-08-12T08:50:46.435353Z","level":"INFO","event":"friend_request_sent","category":"friend","user_id":null,"source":"server","env":"ci","payload":{"to_user_id":"019ff52a-bc21-72d8-a2fc-4c017156af74","reopened":false}}
{"timestamp":"2026-08-12T08:50:46.451738Z","level":"INFO","event":"friend_request_sent","category":"friend","user_id":null,"source":"server","env":"ci","payload":{"to_user_id":"019ff52a-bc31-73cf-a4ab-f6ed08d0af85","reopened":false}}
{"timestamp":"2026-08-12T08:50:46.465365Z","level":"INFO","event":"friend_request_sent","category":"friend","user_id":null,"source":"server","env":"ci","payload":{"to_user_id":"019ff52a-bc3e-7d43-914e-2c1cdb05798a","reopened":false}}
{"timestamp":"2026-08-12T08:50:46.483426Z","level":"INFO","event":"friend_request_sent","category":"friend","user_id":null,"source":"server","env":"ci","payload":{"to_user_id":"019ff52a-bc51-74f6-b97b-5471b70f55ce","reopened":false}}
{"timestamp":"2026-08-12T08:50:46.486357Z","level":"INFO","event":"friend_added","category":"friend","user_id":null,"source":"server","env":"ci","payload":{"from_user_id":"019ff52a-bc50-7748-91fd-0e1a4ac801b5","request_id":"019ff52a-bc53-7544-beaa-f94bc3c82d56"}}
