{"timestamp":"2026-08-25T04:56:32.608088Z","level":"INFO","event":"login_succeeded","category":"auth","user_id":"01a03746-f56f-705e-9602-112cbfffa71b","source":"server","env":"ci","payload":{"is_new_user":false,"method":"line"}}
{"timestamp":"2026-08-25T04:56:33.085337Z","level":"INFO","event":"focus_session_completed","category":"focus","user_id":"01a03746-f80c-73b9-84ad-7726b7eb7707","source":"server","env":"ci","payload":{"duration_seconds":32793,"total_distraction_seconds":0,"has_tag":true,"focus_tag_id":"01a03746-f815-7cfa-9b5a-7478527c617d"}}
{"timestamp":"2026-08-25T04:56:33.091961Z","level":"INFO","event":"streak_updated","category":"focus","user_id":"01a03746-f80c-73b9-84ad-7726b7eb7707","source":"server","env":"ci","payload":{"change":"started","longest_streak":1,"streak_count":1}}
{"timestamp":"2026-08-25T04:56:33.239489Z","level":"INFO","event":"focus_session_completed","category":"focus","user_id":"01a03746-f8b5-7e99-a068-cc67ee065ce9","source":"server","env":"ci","payload":{"duration_seconds":39273,"total_distraction_seconds":0,"has_tag":true,"focus_tag_id":"01a03746-f8bc-7898-847a-9163533d425d"}}
{"timestamp":"2026-08-25T04:56:33.243918Z","level":"INFO","event":"streak_updated","category":"focus","user_id":"01a03746-f8b5-7e99-a068-cc67ee065ce9","source":"server","env":"ci","payload":{"change":"started","longest_streak":1,"streak_count":1}}
{"timestamp":"2026-08-25T04:56:42.103667Z","level":"INFO","event":"friend_request_sent","category":"friend","user_id":null,"source":"server","env":"ci","payload":{"to_user_id":"01a03747-1b72-7e0e-929b-53e123182ac4","reopened":false}}
{"timestamp":"2026-08-25T04:56:42.114106Z","level":"INFO","event":"friend_added","category":"friend","user_id":null,"source":"server","env":"ci","payload":{"from_user_id":"01a03747-1b70-71be-a363-cbf02fcd40f8","request_id":"01a03747-1b77-7fc9-9eb4-bee8f653cf5f"}}
{"timestamp":"2026-08-25T04:56:42.126853Z","level":"INFO","event":"friend_request_sent","category":"friend","user_id":null,"source":"server","env":"ci","payload":{"to_user_id":"01a03747-1b72-7e0e-929b-53e123182ac4","reopened":true}}
{"timestamp":"2026-08-25T04:56:42.162897Z","level":"INFO","event":"friend_request_sent","category":"friend","user_id":null,"source":"server","env":"ci","payload":{"to_user_id":"01a03747-1baf-7e61-a4cf-99e637efbb38","reopened":false}}
{"timestamp":"2026-08-25T04:56:42.165809Z","level":"INFO","event":"friend_added","category":"friend","user_id":null,"source":"server","env":"ci","payload":{"from_user_id":"01a03747-1bad-7b47-bcff-91668723526b","request_id":"01a03747-1bb2-7590-8eed-79e1ce8f7f9e"}}
{"timestamp":"2026-08-25T04:56:42.176009Z","level":"INFO","event":"friend_request_sent","category":"friend","user_id":null,"source":"server","env":"ci","payload":{"to_user_id":"01a03747-1baf-7e61-a4cf-99e637efbb38","reopened":true}}
{"timestamp":"2026-08-25T04:56:42.192816Z","level":"INFO","event":"friend_request_sent","category":"friend","user_id":null,"source":"server","env":"ci","payload":{"to_user_id":"01a03747-1bcd-725e-b1e1-4b8c407c68ac","reopened":false}}
{"timestamp":"2026-08-25T04:56:42.195423Z","level":"INFO","event":"friend_added","category":"friend","user_id":null,"source":"server","env":"ci","payload":{"from_user_id":"01a03747-1bcc-763a-9c6e-49d4560ac3d4","request_id":"01a03747-1bd0-792e-a7db-1ed6c440acf2"}}
{"timestamp":"2026-08-25T04:56:42.201769Z","level":"INFO","event":"friend_request_sent","category":"friend","user_id":null,"source":"server","env":"ci","payload":{"to_user_id":"01a03747-1bcc-763a-9c6e-49d4560ac3d4","reopened":false}}
{"timestamp":"2026-08-25T04:56:42.204347Z","level":"INFO","event":"friend_added","category":"friend","user_id":null,"source":"server","env":"ci","payload":{"from_user_id":"01a03747-1bcd-725e-b1e1-4b8c407c68ac","request_id":"01a03747-1bd9-74fd-bae9-2df82161b237"}}
{"timestamp":"2026-08-25T04:56:42.209941Z","level":"INFO","event":"friend_request_sent","category":"friend","user_id":null,"source":"server","env":"ci","payload":{"to_user_id":"01a03747-1bcd-725e-b1e1-4b8c407c68ac","reopened":true}}
{"timestamp":"2026-08-25T04:56:42.213047Z","level":"INFO","event":"friend_added","category":"friend","user_id":null,"source":"server","env":"ci","payload":{"from_user_id":"01a03747-1bcc-763a-9c6e-49d4560ac3d4","request_id":"01a03747-1bd0-792e-a7db-1ed6c440acf2"}}
{"timestamp":"2026-08-25T04:56:42.231798Z","level":"INFO","event":"friend_request_sent","category":"friend","user_id":null,"source":"server","env":"ci","payload":{"to_user_id":"01a03747-1bf4-77d2-b6ff-13bec5374fac","reopened":false}}
{"timestamp":"2026-08-25T04:57:37.546275Z","level":"INFO","event":"group_left","category":"group","user_id":null,"source":"server","env":"ci","payload":{"group_id":"01a03747-f3f5-71ed-9e7d-fba71062dcb5"}}
{"timestamp":"2026-08-25T04:57:37.626787Z","level":"INFO","event":"group_left","category":"group","user_id":null,"source":"server","env":"ci","payload":{"group_id":"01a03747-f449-7f86-9dcc-a7ecb5f1f184"}}
{"timestamp":"2026-08-25T04:57:37.708983Z","level":"INFO","event":"group_left","category":"group","user_id":null,"source":"server","env":"ci","payload":{"group_id":"01a03747-f499-7e43-a4e1-a430a184f7dc"}}
{"timestamp":"2026-08-25T04:57:37.759288Z","level":"INFO","event":"group_left","category":"group","user_id":null,"source":"server","env":"ci","payload":{"group_id":"01a03747-f4ce-7fe4-82f4-2e4a1c258c9e"}}
{"timestamp":"2026-08-25T04:57:37.815505Z","level":"INFO","event":"group_left","category":"group","user_id":null,"source":"server","env":"ci","payload":{"group_id":"01a03747-f4fb-7c05-8a92-f212007b08aa"}}
{"timestamp":"2026-08-25T04:57:37.869836Z","level":"INFO","event":"group_left","category":"group","user_id":null,"source":"server","env":"ci","payload":{"group_id":"01a03747-f537-7b07-b5d6-1c1e9f6adb38"}}
{"timestamp":"2026-08-25T04:57:37.923112Z","level":"INFO","event":"group_left","category":"group","user_id":null,"source":"server","env":"ci","payload":{"group_id":"01a03747-f56f-7541-93b3-213523c95945"}}
{"timestamp":"2026-08-25T04:57:47.833332Z","level":"INFO","trace_id":"b6472bf920ee4b9d8cd0e65d9df92292","event":"invite_link_created","category":"group","user_id":"01a03748-1c2e-70d9-a693-c0ca198b668b","source":"server","env":"ci","payload":{"group_id":"01a03748-1c2d-7ac8-97d1-e4eb05fccf21","invite_slug":"6ah57xuw"}}
{"timestamp":"2026-08-25T04:57:47.866179Z","level":"INFO","trace_id":"a3c899f55b04419e89949e89782af5e6","event":"invite_link_created","category":"group","user_id":"01a03748-1c50-7607-889f-7c9da45c8dd7","source":"server","env":"ci","payload":{"group_id":"01a03748-1c4f-74f2-848d-d88188e7f6ba","invite_slug":"ee9tybv8"}}
{"timestamp":"2026-08-25T04:57:47.872682Z","level":"INFO","trace_id":"8b138d5c1877464bb9768033cc2f12f2","event":"invite_link_created","category":"group","user_id":"01a03748-1c52-7548-bdd4-eb77216a631f","source":"server","env":"ci","payload":{"group_id":"01a03748-1c4f-74f2-848d-d88188e7f6ba","invite_slug":"cbtc9dxn"}}
{"timestamp":"2026-08-25T04:58:01.050257Z","level":"INFO","event":"friend_request_sent","category":"friend","user_id":null,"source":"server","env":"ci","payload":{"to_user_id":"01a03748-4fd4-7c34-b9ae-6ac2cbfa5a48","reopened":false}}
{"timestamp":"2026-08-25T04:58:01.205903Z","level":"INFO","event":"friend_request_sent","category":"friend","user_id":null,"source":"server","env":"ci","payload":{"to_user_id":"01a03748-5072-75c8-a305-71fec0c076db","reopened":false}}
{"timestamp":"2026-08-25T04:58:01.212538Z","level":"INFO","event":"friend_added","category":"friend","user_id":null,"source":"server","env":"ci","payload":{"from_user_id":"01a03748-506e-7dfc-b209-27195e05e00a","request_id":"01a03748-5075-7e7d-bcf0-784d00bc86f6"}}
{"timestamp":"2026-08-25T04:58:01.214415Z","level":"INFO","event":"friend_added","category":"friend","user_id":null,"source":"server","env":"ci","payload":{"from_user_id":"01a03748-506e-7dfc-b209-27195e05e00a","request_id":"01a03748-5075-7e7d-bcf0-784d00bc86f6"}}
{"timestamp":"2026-08-25T04:58:01.250546Z","level":"INFO","event":"friend_request_sent","category":"friend","user_id":null,"source":"server","env":"ci","payload":{"to_user_id":"01a03748-509e-74a3-b317-1367d65f7e8e","reopened":false}}
{"timestamp":"2026-08-25T04:58:01.282677Z","level":"INFO","event":"friend_request_sent","category":"friend","user_id":null,"source":"server","env":"ci","payload":{"to_user_id":"01a03748-50be-7775-880b-f00b94face51","reopened":false}}
{"timestamp":"2026-08-25T04:58:01.304189Z","level":"INFO","event":"friend_request_sent","category":"friend","user_id":null,"source":"server","env":"ci","payload":{"to_user_id":"01a03748-50d5-7752-af38-a0790486ae1e","reopened":false}}
{"timestamp":"2026-08-25T04:58:01.330747Z","level":"INFO","event":"friend_request_sent","category":"friend","user_id":null,"source":"server","env":"ci","payload":{"to_user_id":"01a03748-50f0-779f-bf9e-706411eeda6e","reopened":false}}
{"timestamp":"2026-08-25T04:58:01.336865Z","level":"INFO","event":"friend_added","category":"friend","user_id":null,"source":"server","env":"ci","payload":{"from_user_id":"01a03748-50ee-739d-843b-f9dfa12440e9","request_id":"01a03748-50f2-7147-98ed-5073121dabc6"}}
