{"timestamp":"2026-08-10T08:51:45.753655Z","level":"INFO","trace_id":"c56f17ffa4bf42faa2af568308a00843","event":"user_signed_up","category":"auth","user_id":"019feade-eb8a-76a3-b2e6-60f391d52a70","source":"server","env":"local","payload":{"method":"guest","is_guest":true}}
{"timestamp":"2026-08-10T08:51:45.753787Z","level":"INFO","trace_id":"c56f17ffa4bf42faa2af568308a00843","event":"login_succeeded","category":"auth","user_id":"019feade-eb8a-76a3-b2e6-60f391d52a70","source":"server","env":"local","payload":{"method":"guest","is_new_user":true}}
{"timestamp":"2026-08-10T08:58:23.52012Z","level":"INFO","trace_id":"6aef2a89f11c4ee8bf8cfd12e4f7b7f4","event":"user_signed_up","category":"auth","user_id":"019feae4-fd48-7166-8004-ee79e3e05d97","source":"server","env":"local","payload":{"method":"guest","is_guest":true}}
{"timestamp":"2026-08-10T08:58:23.52027Z","level":"INFO","trace_id":"6aef2a89f11c4ee8bf8cfd12e4f7b7f4","event":"login_succeeded","category":"auth","user_id":"019feae4-fd48-7166-8004-ee79e3e05d97","source":"server","env":"local","payload":{"method":"guest","is_new_user":true}}
{"timestamp":"2026-08-10T08:59:00.30929Z","level":"INFO","trace_id":"50e92832235b4680b36d8a4abd1ca6d5","event":"user_signed_up","category":"auth","user_id":"019feae5-8d4a-749e-974e-259d22e432e4","source":"server","env":"local","payload":{"method":"guest","is_guest":true}}
{"timestamp":"2026-08-10T08:59:00.309372Z","level":"INFO","trace_id":"50e92832235b4680b36d8a4abd1ca6d5","event":"login_succeeded","category":"auth","user_id":"019feae5-8d4a-749e-974e-259d22e432e4","source":"server","env":"local","payload":{"method":"guest","is_new_user":true}}
{"timestamp":"2026-08-10T08:59:10.691411Z","level":"INFO","trace_id":"3ff7a2df4e0c449f8541267139404917","event":"user_signed_up","category":"auth","user_id":"019feae5-b5de-70bc-947e-1d433570ac8e","source":"server","env":"local","payload":{"method":"guest","is_guest":true}}
{"timestamp":"2026-08-10T08:59:10.691469Z","level":"INFO","trace_id":"3ff7a2df4e0c449f8541267139404917","event":"login_succeeded","category":"auth","user_id":"019feae5-b5de-70bc-947e-1d433570ac8e","source":"server","env":"local","payload":{"method":"guest","is_new_user":true}}
{"timestamp":"2026-08-10T09:05:15.294351Z","level":"INFO","trace_id":"05f73cea2ee34f5e96cc3eca3f4e0354","event":"user_signed_up","category":"auth","user_id":"019feaeb-4609-7d94-aa6f-ea7704fe594f","source":"server","env":"local","payload":{"method":"guest","is_guest":true}}
{"timestamp":"2026-08-10T09:05:15.294535Z","level":"INFO","trace_id":"05f73cea2ee34f5e96cc3eca3f4e0354","event":"login_succeeded","category":"auth","user_id":"019feaeb-4609-7d94-aa6f-ea7704fe594f","source":"server","env":"local","payload":{"method":"guest","is_new_user":true}}
{"timestamp":"2026-08-10T09:09:55.823204Z","level":"INFO","trace_id":"b78d83f89cba483fa088ecafef9dcd0a","event":"user_signed_up","category":"auth","user_id":"019feaef-8de2-724e-939e-a132c139c1b6","source":"server","env":"local","payload":{"method":"guest","is_guest":true}}
{"timestamp":"2026-08-10T09:09:55.823348Z","level":"INFO","trace_id":"b78d83f89cba483fa088ecafef9dcd0a","event":"login_succeeded","category":"auth","user_id":"019feaef-8de2-724e-939e-a132c139c1b6","source":"server","env":"local","payload":{"method":"guest","is_new_user":true}}
{"timestamp":"2026-08-10T09:21:06.585142Z","level":"INFO","trace_id":"91a05738bfa54554ab498ea4bca47e98","event":"user_signed_up","category":"auth","user_id":"019feaf9-ca0f-7bce-bf6a-433ef46d0cf8","source":"server","env":"local","payload":{"method":"guest","is_guest":true}}
{"timestamp":"2026-08-10T09:21:06.58523Z","level":"INFO","trace_id":"91a05738bfa54554ab498ea4bca47e98","event":"login_succeeded","category":"auth","user_id":"019feaf9-ca0f-7bce-bf6a-433ef46d0cf8","source":"server","env":"local","payload":{"method":"guest","is_new_user":true}}
{"timestamp":"2026-08-10T09:32:48.346953Z","level":"INFO","trace_id":"8060297446164a38bf9c8a539826b302","event":"user_signed_up","category":"auth","user_id":"019feb04-7f52-70a3-85da-92f4519c7c53","source":"server","env":"local","payload":{"method":"guest","is_guest":true}}
{"timestamp":"2026-08-10T09:32:48.347052Z","level":"INFO","trace_id":"8060297446164a38bf9c8a539826b302","event":"login_succeeded","category":"auth","user_id":"019feb04-7f52-70a3-85da-92f4519c7c53","source":"server","env":"local","payload":{"method":"guest","is_new_user":true}}
{"timestamp":"2026-08-10T09:38:48.348993Z","level":"INFO","trace_id":"7d5c89c568494e549b7835a0cdd680c6","event":"user_signed_up","category":"auth","user_id":"019feb09-fd96-7cb3-8c13-1abe5c5b94c3","source":"server","env":"local","payload":{"method":"guest","is_guest":true}}
{"timestamp":"2026-08-10T09:38:48.349048Z","level":"INFO","trace_id":"7d5c89c568494e549b7835a0cdd680c6","event":"login_succeeded","category":"auth","user_id":"019feb09-fd96-7cb3-8c13-1abe5c5b94c3","source":"server","env":"local","payload":{"method":"guest","is_new_user":true}}
{"timestamp":"2026-08-10T09:39:25.411064Z","level":"INFO","trace_id":"62fe139f1d6f4cb49de996b08563b459","event":"user_signed_up","category":"auth","user_id":"019feb0a-8e58-73c1-a344-1338971ff4dd","source":"server","env":"local","payload":{"method":"guest","is_guest":true}}
{"timestamp":"2026-08-10T09:39:25.411107Z","level":"INFO","trace_id":"62fe139f1d6f4cb49de996b08563b459","event":"login_succeeded","category":"auth","user_id":"019feb0a-8e58-73c1-a344-1338971ff4dd","source":"server","env":"local","payload":{"method":"guest","is_new_user":true}}
{"timestamp":"2026-08-10T09:40:31.515783Z","level":"INFO","trace_id":"e845ca03cdc54cbd9f102a70aa4d73c9","event":"user_signed_up","category":"auth","user_id":"019feb0b-9095-7a86-9997-06ca99d8a77b","source":"server","env":"local","payload":{"method":"guest","is_guest":true}}
{"timestamp":"2026-08-10T09:40:31.515821Z","level":"INFO","trace_id":"e845ca03cdc54cbd9f102a70aa4d73c9","event":"login_succeeded","category":"auth","user_id":"019feb0b-9095-7a86-9997-06ca99d8a77b","source":"server","env":"local","payload":{"method":"guest","is_new_user":true}}
{"timestamp":"2026-08-10T09:44:42.457048Z","level":"INFO","trace_id":"ceefa3af5d5c4e6a8b0339c61ec4112e","event":"user_signed_up","category":"auth","user_id":"019feb0f-64cc-7f04-b63e-7dd410dc7f53","source":"server","env":"local","payload":{"method":"guest","is_guest":true}}
{"timestamp":"2026-08-10T09:44:42.457189Z","level":"INFO","trace_id":"ceefa3af5d5c4e6a8b0339c61ec4112e","event":"login_succeeded","category":"auth","user_id":"019feb0f-64cc-7f04-b63e-7dd410dc7f53","source":"server","env":"local","payload":{"method":"guest","is_new_user":true}}
{"timestamp":"2026-08-10T09:46:49.425478Z","level":"INFO","trace_id":"c9693adb62e8419f9b1e54a6a436df38","event":"user_signed_up","category":"auth","user_id":"019feb11-54c8-7ae9-a9e1-0da65d0f628a","source":"server","env":"local","payload":{"method":"guest","is_guest":true}}
{"timestamp":"2026-08-10T09:46:49.42557Z","level":"INFO","trace_id":"c9693adb62e8419f9b1e54a6a436df38","event":"login_succeeded","category":"auth","user_id":"019feb11-54c8-7ae9-a9e1-0da65d0f628a","source":"server","env":"local","payload":{"method":"guest","is_new_user":true}}
{"timestamp":"2026-08-10T13:15:15.209073Z","level":"INFO","event":"login_succeeded","category":"auth","user_id":"019febd0-26df-70dc-a945-788a72546ccd","source":"server","env":"local","payload":{"is_new_user":false,"method":"kakao"}}
{"timestamp":"2026-08-10T13:15:18.113873Z","level":"INFO","event":"focus_tag_created","category":"focus","user_id":null,"source":"server","env":"local","payload":{"tag_id":"019febd0-32e1-7d3d-9b7f-fcfaf687a3dd"}}
{"timestamp":"2026-08-10T13:15:18.691375Z","level":"INFO","event":"friend_request_sent","category":"friend","user_id":null,"source":"server","env":"local","payload":{"reopened":false,"to_user_id":"019febd0-351a-7bee-a11d-a99701ad8188"}}
{"timestamp":"2026-08-10T13:15:18.700764Z","level":"INFO","event":"friend_added","category":"friend","user_id":null,"source":"server","env":"local","payload":{"request_id":"019febd0-3523-7e8e-9a20-48c8dcc1a844","from_user_id":"019febd0-3518-7f60-be42-148802658830"}}
{"timestamp":"2026-08-10T13:15:18.713692Z","level":"INFO","event":"friend_request_sent","category":"friend","user_id":null,"source":"server","env":"local","payload":{"reopened":true,"to_user_id":"019febd0-351a-7bee-a11d-a99701ad8188"}}
{"timestamp":"2026-08-10T13:15:18.754623Z","level":"INFO","event":"friend_request_sent","category":"friend","user_id":null,"source":"server","env":"local","payload":{"reopened":false,"to_user_id":"019febd0-355d-77da-9dbf-5f60b7ffd046"}}
{"timestamp":"2026-08-10T13:15:18.75805Z","level":"INFO","event":"friend_added","category":"friend","user_id":null,"source":"server","env":"local","payload":{"request_id":"019febd0-3562-7315-8e88-95db6b678fc3","from_user_id":"019febd0-355b-786a-881b-2c81848092df"}}
{"timestamp":"2026-08-10T13:15:18.767294Z","level":"INFO","event":"friend_request_sent","category":"friend","user_id":null,"source":"server","env":"local","payload":{"reopened":true,"to_user_id":"019febd0-355d-77da-9dbf-5f60b7ffd046"}}
{"timestamp":"2026-08-10T13:15:18.789244Z","level":"INFO","event":"friend_request_sent","category":"friend","user_id":null,"source":"server","env":"local","payload":{"reopened":false,"to_user_id":"019febd0-3580-7963-ae65-a9ec7f77620f"}}
{"timestamp":"2026-08-10T13:15:18.792785Z","level":"INFO","event":"friend_added","category":"friend","user_id":null,"source":"server","env":"local","payload":{"request_id":"019febd0-3585-766d-97b3-a817ebb90ada","from_user_id":"019febd0-357f-7cc4-9628-955e469b13a1"}}
{"timestamp":"2026-08-10T13:15:18.801161Z","level":"INFO","event":"friend_request_sent","category":"friend","user_id":null,"source":"server","env":"local","payload":{"reopened":false,"to_user_id":"019febd0-357f-7cc4-9628-955e469b13a1"}}
{"timestamp":"2026-08-10T13:15:18.804329Z","level":"INFO","event":"friend_added","category":"friend","user_id":null,"source":"server","env":"local","payload":{"request_id":"019febd0-3591-7d67-be07-d88b33aab7d0","from_user_id":"019febd0-3580-7963-ae65-a9ec7f77620f"}}
{"timestamp":"2026-08-10T13:15:18.812325Z","level":"INFO","event":"friend_request_sent","category":"friend","user_id":null,"source":"server","env":"local","payload":{"reopened":true,"to_user_id":"019febd0-3580-7963-ae65-a9ec7f77620f"}}
{"timestamp":"2026-08-10T13:15:18.815296Z","level":"INFO","event":"friend_added","category":"friend","user_id":null,"source":"server","env":"local","payload":{"request_id":"019febd0-3585-766d-97b3-a817ebb90ada","from_user_id":"019febd0-357f-7cc4-9628-955e469b13a1"}}
{"timestamp":"2026-08-10T13:15:18.839026Z","level":"INFO","event":"friend_request_sent","category":"friend","user_id":null,"source":"server","env":"local","payload":{"reopened":false,"to_user_id":"019febd0-35b2-73e4-a60b-154e1d797609"}}
{"timestamp":"2026-08-10T13:15:55.256887Z","level":"INFO","event":"group_left","category":"group","user_id":null,"source":"server","env":"local","payload":{"group_id":"019febd0-c3e0-75bb-96ae-8911c3fd154a"}}
{"timestamp":"2026-08-10T13:15:55.35707Z","level":"INFO","event":"group_left","category":"group","user_id":null,"source":"server","env":"local","payload":{"group_id":"019febd0-c447-718b-b052-e810d289924f"}}
{"timestamp":"2026-08-10T13:15:55.454841Z","level":"INFO","event":"group_left","category":"group","user_id":null,"source":"server","env":"local","payload":{"group_id":"019febd0-c4a4-7321-be7f-b2874e5d8018"}}
{"timestamp":"2026-08-10T13:15:55.51973Z","level":"INFO","event":"group_left","category":"group","user_id":null,"source":"server","env":"local","payload":{"group_id":"019febd0-c4e6-7c72-9817-c0e489f27b27"}}
{"timestamp":"2026-08-10T13:15:55.615716Z","level":"INFO","event":"group_left","category":"group","user_id":null,"source":"server","env":"local","payload":{"group_id":"019febd0-c525-7240-a351-dc3d80edb195"}}
{"timestamp":"2026-08-10T13:15:55.696608Z","level":"INFO","event":"group_left","category":"group","user_id":null,"source":"server","env":"local","payload":{"group_id":"019febd0-c58f-7a1d-a064-a22061686266"}}
{"timestamp":"2026-08-10T13:15:55.761581Z","level":"INFO","event":"group_left","category":"group","user_id":null,"source":"server","env":"local","payload":{"group_id":"019febd0-c5d8-7b38-8371-033091de99da"}}
{"timestamp":"2026-08-10T13:16:04.423157Z","level":"INFO","trace_id":"e2116a08323b43b4b0f616ac92cc6228","event":"invite_link_created","category":"group","user_id":"019febd0-e7bf-7020-bf74-39796c592129","source":"server","env":"local","payload":{"group_id":"019febd0-e7be-74c8-878d-4784504a6737","invite_slug":"z7wmy7y6"}}
{"timestamp":"2026-08-10T13:16:04.453153Z","level":"INFO","trace_id":"5ae107a5d3c9432f9ff6fcd2096d531c","event":"invite_link_created","category":"group","user_id":"019febd0-e7dc-7982-a7d4-b613fdc237ac","source":"server","env":"local","payload":{"group_id":"019febd0-e7db-7d08-bcb6-9ca8b8a9faf7","invite_slug":"6dx7cwks"}}
{"timestamp":"2026-08-10T13:16:04.457993Z","level":"INFO","trace_id":"a611afa14f39460a93359be442e2ae44","event":"invite_link_created","category":"group","user_id":"019febd0-e7de-789e-9002-5ec53d8ce970","source":"server","env":"local","payload":{"group_id":"019febd0-e7db-7d08-bcb6-9ca8b8a9faf7","invite_slug":"vcx46yam"}}
{"timestamp":"2026-08-10T13:16:12.788032Z","level":"INFO","event":"friend_request_sent","category":"friend","user_id":null,"source":"server","env":"local","payload":{"reopened":false,"to_user_id":"019febd1-086d-7ac3-b79f-c8c3c9c96174"}}
{"timestamp":"2026-08-10T13:16:12.936418Z","level":"INFO","event":"friend_request_sent","category":"friend","user_id":null,"source":"server","env":"local","payload":{"reopened":false,"to_user_id":"019febd1-0905-75c9-b3a8-dcce082c4a0c"}}
{"timestamp":"2026-08-10T13:16:12.9423Z","level":"INFO","event":"friend_added","category":"friend","user_id":null,"source":"server","env":"local","payload":{"request_id":"019febd1-0908-7281-a120-8bb3381fa58d","from_user_id":"019febd1-0902-7500-bbbc-12f1c5133e33"}}
{"timestamp":"2026-08-10T13:16:12.943851Z","level":"INFO","event":"friend_added","category":"friend","user_id":null,"source":"server","env":"local","payload":{"request_id":"019febd1-0908-7281-a120-8bb3381fa58d","from_user_id":"019febd1-0902-7500-bbbc-12f1c5133e33"}}
{"timestamp":"2026-08-10T13:16:12.970912Z","level":"INFO","event":"friend_request_sent","category":"friend","user_id":null,"source":"server","env":"local","payload":{"reopened":false,"to_user_id":"019febd1-0927-7c63-82bd-e486f8700f49"}}
{"timestamp":"2026-08-10T13:16:12.995506Z","level":"INFO","event":"friend_request_sent","category":"friend","user_id":null,"source":"server","env":"local","payload":{"reopened":false,"to_user_id":"019febd1-093f-7f09-b082-f951831f661f"}}
{"timestamp":"2026-08-10T13:16:13.014326Z","level":"INFO","event":"friend_request_sent","category":"friend","user_id":null,"source":"server","env":"local","payload":{"reopened":false,"to_user_id":"019febd1-0952-7db2-90b8-c195f6e4f23a"}}
{"timestamp":"2026-08-10T13:16:13.038165Z","level":"INFO","event":"friend_request_sent","category":"friend","user_id":null,"source":"server","env":"local","payload":{"reopened":false,"to_user_id":"019febd1-096b-7712-a3c5-872d2300550a"}}
{"timestamp":"2026-08-10T13:16:13.042666Z","level":"INFO","event":"friend_added","category":"friend","user_id":null,"source":"server","env":"local","payload":{"request_id":"019febd1-096e-7bba-a484-2aa01c382391","from_user_id":"019febd1-0969-7d00-9504-a401a5f5513a"}}
